// Jest Snapshot v1, https://goo.gl/fbAQLP

exports[`Tests for Todo App matches snapshot 1`] = `
<div>
  <main
    class="TodoApp"
  >
    <div
      class="row"
    >
      <div
        class="col-md-6 EditableTodoList"
      >
        <h3>
          Todos
        </h3>
        <div>
          <div
            class="EditableTodo"
          >
            <div
              class="mb-3"
            >
              <div
                class="float-end text-sm-end"
              >
                <button
                  class="EditableTodo-toggle btn-link btn btn-sm"
                >
                  Edit
                </button>
                <button
                  class="EditableTodo-delBtn btn-link btn btn-sm text-danger"
                >
                  Del
                </button>
              </div>
              <div
                class="Todo"
              >
                <div>
                  <b>
                    test1
                  </b>
                   
                  <small>
                    Priority 1
                  </small>
                </div>
                <div>
                  <small>
                    test1 description
                  </small>
                </div>
              </div>
            </div>
          </div>
          <div
            class="EditableTodo"
          >
            <div
              class="mb-3"
            >
              <div
                class="float-end text-sm-end"
              >
                <button
                  class="EditableTodo-toggle btn-link btn btn-sm"
                >
                  Edit
                </button>
                <button
                  class="EditableTodo-delBtn btn-link btn btn-sm text-danger"
                >
                  Del
                </button>
              </div>
              <div
                class="Todo"
              >
                <div>
                  <b>
                    test2
                  </b>
                   
                  <small>
                    Priority 2
                  </small>
                </div>
                <div>
                  <small>
                    test2 description
                  </small>
                </div>
              </div>
            </div>
          </div>
          <div
            class="EditableTodo"
          >
            <div
              class="mb-3"
            >
              <div
                class="float-end text-sm-end"
              >
                <button
                  class="EditableTodo-toggle btn-link btn btn-sm"
                >
                  Edit
                </button>
                <button
                  class="EditableTodo-delBtn btn-link btn btn-sm text-danger"
                >
                  Del
                </button>
              </div>
              <div
                class="Todo"
              >
                <div>
                  <b>
                    test3
                  </b>
                   
                  <small>
                    Priority 3
                  </small>
                </div>
                <div>
                  <small>
                    test3 description
                  </small>
                </div>
              </div>
            </div>
          </div>
        </div>
      </div>
      <div
        class="col-md-6"
      >
        <section
          class="mb-4"
        >
          <h3>
            Top Todo
          </h3>
          <div>
            <div
              class="Todo"
            >
              <div>
                <b>
                  test1
                </b>
                 
                <small>
                  Priority 1
                </small>
              </div>
              <div>
                <small>
                  test1 description
                </small>
              </div>
            </div>
          </div>
        </section>
        <section>
          <h3
            class="mb-3 TodoForm"
          >
            Add Nü
          </h3>
          <form
            class="NewTodoForm"
          >
            <div
              class="mb-3"
            >
              <label
                for="newTodo-title"
              >
                Title:
              </label>
              <input
                aria-label="Title"
                class="form-control"
                id="newTodo-title"
                name="title"
                placeholder="Title"
                value=""
              />
            </div>
            <div
              class="mb-3"
            >
              <label
                for="newTodo-description"
              >
                Description:
              </label>
              <textarea
                aria-label="Description"
                class="form-control"
                id="newTodo-description"
                name="description"
                placeholder="Description"
              />
            </div>
            <div
              class="mb-3 d-flex justify-content-between"
            >
              <div
                class="w-75 d-flex justify-content-between"
              >
                <label
                  class="d-inline-flex"
                  for="newTodo-priority"
                >
                  Priority:
                </label>
                <select
                  class="form-control form-control-sm d-inline-flex"
                  id="newTodo-priority"
                  name="priority"
                >
                  <option
                    value="1"
                  >
                    Ultra-Über
                  </option>
                  <option
                    value="2"
                  >
                    Über
                  </option>
                  <option
                    value="3"
                  >
                    Meh
                  </option>
                </select>
              </div>
              <button
                class="btn-primary rig btn btn-sm NewTodoForm-addBtn"
              >
                Gø!
              </button>
            </div>
          </form>
        </section>
      </div>
    </div>
  </main>
</div>
`;
